MPLINK 4.49, Linker
Linker Map File - Created Fri Nov 27 20:28:55 2020

                                 Section Info
                  Section       Type    Address   Location Size(Bytes)
                ---------  ---------  ---------  ---------  ---------
                   .org_0       code   0x000000    program   0x000000
                   .org_1       code   0x000000    program   0x000004
                   .org_2       code   0x000008    program   0x000002
                   .org_3       code   0x000018    program   0x00036c



                              Program Memory Usage 
                               Start         End      
                           ---------   ---------      
                            0x000000    0x000003      
                            0x000008    0x000009      
                            0x000018    0x000383      
            882 out of 33048 program addresses used, program memory utilization is 2%



                              Symbols - Sorted by Name
                     Name    Address   Location    Storage File                     
                ---------  ---------  ---------  --------- ---------                
                      Cmd   0x0002b8    program     static D:\Microcontroller Lab\Assignment 9\ass9.asm
                   D100ms   0x000018    program     static D:\Microcontroller Lab\Assignment 9\ass9.asm
                     Dec1   0x000180    program     static D:\Microcontroller Lab\Assignment 9\ass9.asm
                    Dec10   0x00026a    program     static D:\Microcontroller Lab\Assignment 9\ass9.asm
                    Dec11   0x000284    program     static D:\Microcontroller Lab\Assignment 9\ass9.asm
                    Dec12   0x00029e    program     static D:\Microcontroller Lab\Assignment 9\ass9.asm
                     Dec2   0x00019a    program     static D:\Microcontroller Lab\Assignment 9\ass9.asm
                     Dec3   0x0001b4    program     static D:\Microcontroller Lab\Assignment 9\ass9.asm
                     Dec4   0x0001ce    program     static D:\Microcontroller Lab\Assignment 9\ass9.asm
                     Dec5   0x0001e8    program     static D:\Microcontroller Lab\Assignment 9\ass9.asm
                     Dec6   0x000202    program     static D:\Microcontroller Lab\Assignment 9\ass9.asm
                     Dec7   0x00021c    program     static D:\Microcontroller Lab\Assignment 9\ass9.asm
                     Dec8   0x000236    program     static D:\Microcontroller Lab\Assignment 9\ass9.asm
                     Dec9   0x000250    program     static D:\Microcontroller Lab\Assignment 9\ass9.asm
                DisplayID   0x00010e    program     static D:\Microcontroller Lab\Assignment 9\ass9.asm
                    Haziq   0x00004c    program     static D:\Microcontroller Lab\Assignment 9\ass9.asm
                    again   0x000020    program     static D:\Microcontroller Lab\Assignment 9\ass9.asm
                   again1   0x00001c    program     static D:\Microcontroller Lab\Assignment 9\ass9.asm
                    check   0x000300    program     static D:\Microcontroller Lab\Assignment 9\ass9.asm
                   check1   0x000306    program     static D:\Microcontroller Lab\Assignment 9\ass9.asm
                  checkK1   0x00030c    program     static D:\Microcontroller Lab\Assignment 9\ass9.asm
                 checkK10   0x000366    program     static D:\Microcontroller Lab\Assignment 9\ass9.asm
                 checkK11   0x000370    program     static D:\Microcontroller Lab\Assignment 9\ass9.asm
                 checkK12   0x00037a    program     static D:\Microcontroller Lab\Assignment 9\ass9.asm
                  checkK2   0x000316    program     static D:\Microcontroller Lab\Assignment 9\ass9.asm
                  checkK3   0x000320    program     static D:\Microcontroller Lab\Assignment 9\ass9.asm
                  checkK4   0x00032a    program     static D:\Microcontroller Lab\Assignment 9\ass9.asm
                  checkK5   0x000334    program     static D:\Microcontroller Lab\Assignment 9\ass9.asm
                  checkK6   0x00033e    program     static D:\Microcontroller Lab\Assignment 9\ass9.asm
                  checkK7   0x000348    program     static D:\Microcontroller Lab\Assignment 9\ass9.asm
                  checkK8   0x000352    program     static D:\Microcontroller Lab\Assignment 9\ass9.asm
                  checkK9   0x00035c    program     static D:\Microcontroller Lab\Assignment 9\ass9.asm
                  keypadA   0x0002c6    program     static D:\Microcontroller Lab\Assignment 9\ass9.asm
                  keypadB   0x0002cc    program     static D:\Microcontroller Lab\Assignment 9\ass9.asm
                  keypadC   0x0002d2    program     static D:\Microcontroller Lab\Assignment 9\ass9.asm
                  keypadD   0x0002d8    program     static D:\Microcontroller Lab\Assignment 9\ass9.asm
                    start   0x0002de    program     static D:\Microcontroller Lab\Assignment 9\ass9.asm



                              Symbols - Sorted by Address
                     Name    Address   Location    Storage File                     
                ---------  ---------  ---------  --------- ---------                
                   D100ms   0x000018    program     static D:\Microcontroller Lab\Assignment 9\ass9.asm
                   again1   0x00001c    program     static D:\Microcontroller Lab\Assignment 9\ass9.asm
                    again   0x000020    program     static D:\Microcontroller Lab\Assignment 9\ass9.asm
                    Haziq   0x00004c    program     static D:\Microcontroller Lab\Assignment 9\ass9.asm
                DisplayID   0x00010e    program     static D:\Microcontroller Lab\Assignment 9\ass9.asm
                     Dec1   0x000180    program     static D:\Microcontroller Lab\Assignment 9\ass9.asm
                     Dec2   0x00019a    program     static D:\Microcontroller Lab\Assignment 9\ass9.asm
                     Dec3   0x0001b4    program     static D:\Microcontroller Lab\Assignment 9\ass9.asm
                     Dec4   0x0001ce    program     static D:\Microcontroller Lab\Assignment 9\ass9.asm
                     Dec5   0x0001e8    program     static D:\Microcontroller Lab\Assignment 9\ass9.asm
                     Dec6   0x000202    program     static D:\Microcontroller Lab\Assignment 9\ass9.asm
                     Dec7   0x00021c    program     static D:\Microcontroller Lab\Assignment 9\ass9.asm
                     Dec8   0x000236    program     static D:\Microcontroller Lab\Assignment 9\ass9.asm
                     Dec9   0x000250    program     static D:\Microcontroller Lab\Assignment 9\ass9.asm
                    Dec10   0x00026a    program     static D:\Microcontroller Lab\Assignment 9\ass9.asm
                    Dec11   0x000284    program     static D:\Microcontroller Lab\Assignment 9\ass9.asm
                    Dec12   0x00029e    program     static D:\Microcontroller Lab\Assignment 9\ass9.asm
                      Cmd   0x0002b8    program     static D:\Microcontroller Lab\Assignment 9\ass9.asm
                  keypadA   0x0002c6    program     static D:\Microcontroller Lab\Assignment 9\ass9.asm
                  keypadB   0x0002cc    program     static D:\Microcontroller Lab\Assignment 9\ass9.asm
                  keypadC   0x0002d2    program     static D:\Microcontroller Lab\Assignment 9\ass9.asm
                  keypadD   0x0002d8    program     static D:\Microcontroller Lab\Assignment 9\ass9.asm
                    start   0x0002de    program     static D:\Microcontroller Lab\Assignment 9\ass9.asm
                    check   0x000300    program     static D:\Microcontroller Lab\Assignment 9\ass9.asm
                   check1   0x000306    program     static D:\Microcontroller Lab\Assignment 9\ass9.asm
                  checkK1   0x00030c    program     static D:\Microcontroller Lab\Assignment 9\ass9.asm
                  checkK2   0x000316    program     static D:\Microcontroller Lab\Assignment 9\ass9.asm
                  checkK3   0x000320    program     static D:\Microcontroller Lab\Assignment 9\ass9.asm
                  checkK4   0x00032a    program     static D:\Microcontroller Lab\Assignment 9\ass9.asm
                  checkK5   0x000334    program     static D:\Microcontroller Lab\Assignment 9\ass9.asm
                  checkK6   0x00033e    program     static D:\Microcontroller Lab\Assignment 9\ass9.asm
                  checkK7   0x000348    program     static D:\Microcontroller Lab\Assignment 9\ass9.asm
                  checkK8   0x000352    program     static D:\Microcontroller Lab\Assignment 9\ass9.asm
                  checkK9   0x00035c    program     static D:\Microcontroller Lab\Assignment 9\ass9.asm
                 checkK10   0x000366    program     static D:\Microcontroller Lab\Assignment 9\ass9.asm
                 checkK11   0x000370    program     static D:\Microcontroller Lab\Assignment 9\ass9.asm
                 checkK12   0x00037a    program     static D:\Microcontroller Lab\Assignment 9\ass9.asm


