MPASM  5.51                          ASS9.ASM   11-27-2020  20:28:53         PAGE  1


LOC  OBJECT CODE     LINE SOURCE TEXT
  VALUE

                      00001 #include<p18f4550.inc>
                      00001         LIST
                      00002 
                      00003 ;==========================================================================
                      00004 ;  MPASM PIC18F4550 processor include
                      00005 ; 
                      00006 ;  (c) Copyright 1999-2013 Microchip Technology, All rights reserved
                      00007 ;==========================================================================
                      00008 
                      01764         LIST
                      00002 
  00000000            00003 loop_cnt        equ 0x00
  00000001            00004 loop_cnt1       equ 0x01
                      00005 
000000                00006                         org 0x00
000000 EF6F F001      00007                         goto start
000008                00008                         org 0x08
000008 0010           00009                         retfie
000018                00010                         org 0x18
                      00011         
                      00012 ;=======================================================================================================
                            ==========================================================================
                      00013 
                      00014 dup_nop         macro   kk
                      00015                         variable        i
                      00016 i = 0
                      00017                         while i < kk
                      00018                         nop
                      00019 i += 1
                      00020                         endw
                      00021                         endm
                      00022 
000018 0EC8           00023 D100ms          movlw   D'200'
00001A 6E01           00024                         movwf   loop_cnt1, A
00001C 0EFA           00025 again1          movlw   D'250'
00001E 6E00           00026                         movwf   loop_cnt, A
                      00027 again           dup_nop D'17'
  0000                    M                         variable        i
  00000000                M i = 0
                          M                         while i < D'17'
000020 0000               M                         nop
  00000001                M i += 1
000022 0000               M                         nop
  00000002                M i += 1
000024 0000               M                         nop
  00000003                M i += 1
000026 0000               M                         nop
  00000004                M i += 1
000028 0000               M                         nop
  00000005                M i += 1
00002A 0000               M                         nop
  00000006                M i += 1
00002C 0000               M                         nop
MPASM  5.51                          ASS9.ASM   11-27-2020  20:28:53         PAGE  2


LOC  OBJECT CODE     LINE SOURCE TEXT
  VALUE

  00000007                M i += 1
00002E 0000               M                         nop
  00000008                M i += 1
000030 0000               M                         nop
  00000009                M i += 1
000032 0000               M                         nop
  0000000A                M i += 1
000034 0000               M                         nop
  0000000B                M i += 1
000036 0000               M                         nop
  0000000C                M i += 1
000038 0000               M                         nop
  0000000D                M i += 1
00003A 0000               M                         nop
  0000000E                M i += 1
00003C 0000               M                         nop
  0000000F                M i += 1
00003E 0000               M                         nop
  00000010                M i += 1
000040 0000               M                         nop
  00000011                M i += 1
                          M                         endw
000042 2E00           00028                         decfsz  loop_cnt, F, A
000044 D7ED           00029                         bra again
000046 2E01           00030                         decfsz  loop_cnt1, F, A
000048 D7E9           00031                         bra again1
00004A 0012           00032                         return
                      00033 
                      00034 ;=======================================================================================================
                            ===========================================================================================
                      00035 ;IZAAZ HENSEM
00004C 0E49           00036 Haziq           movlw   D'73'
00004E 6E83           00037                         movwf   PORTD, A
                      00038         
000050 8082           00039                         bsf             PORTC, 0, A ; RS = 1
000052 9282           00040                         bcf             PORTC, 1, A ; RW = 0
000054 8482           00041                         bsf             PORTC, 2, A ; E = 1
000056 EC0C F000      00042                         call    D100ms
00005A 9482           00043                         bcf             PORTC, 2, A ; E = 1
                      00044                         
                      00045                         
00005C 0E5A           00046                         movlw   D'90'
00005E 6E83           00047                         movwf   PORTD, A
                      00048 
000060 8082           00049                         bsf             PORTC, 0, A ; RS = 1
000062 9282           00050                         bcf             PORTC, 1, A ; RW = 0
000064 8482           00051                         bsf             PORTC, 2, A ; E = 1
000066 EC0C F000      00052                         call    D100ms
00006A 9482           00053                         bcf             PORTC, 2, A ; E = 1
                      00054                         
                      00055 
00006C 0E41           00056                         movlw   D'65'
00006E 6E83           00057                         movwf   PORTD, A
MPASM  5.51                          ASS9.ASM   11-27-2020  20:28:53         PAGE  3


LOC  OBJECT CODE     LINE SOURCE TEXT
  VALUE

                      00058 
000070 8082           00059                         bsf             PORTC, 0, A ; RS = 1
000072 9282           00060                         bcf             PORTC, 1, A ; RW = 0
000074 8482           00061                         bsf             PORTC, 2, A ; E = 1
000076 EC0C F000      00062                         call    D100ms
00007A 9482           00063                         bcf             PORTC, 2, A ; E = 1
                      00064                         
                      00065 
00007C 0E41           00066                         movlw   D'65'
00007E 6E83           00067                         movwf   PORTD, A
                      00068 
000080 8082           00069                         bsf             PORTC, 0, A ; RS = 1
000082 9282           00070                         bcf             PORTC, 1, A ; RW = 0
000084 8482           00071                         bsf             PORTC, 2, A ; E = 1
000086 EC0C F000      00072                         call    D100ms
00008A 9482           00073                         bcf             PORTC, 2, A ; E = 1
                      00074 
                      00075 
00008C 0E5A           00076                         movlw   D'90'
00008E 6E83           00077                         movwf   PORTD, A
                      00078 
000090 8082           00079                         bsf             PORTC, 0, A ; RS = 1
000092 9282           00080                         bcf             PORTC, 1, A ; RW = 0
000094 8482           00081                         bsf             PORTC, 2, A ; E = 1
000096 EC0C F000      00082                         call    D100ms
00009A 9482           00083                         bcf             PORTC, 2, A ; E = 1
                      00084                         
                      00085 
00009C 0E20           00086                         movlw   D'32'
00009E 6E83           00087                         movwf   PORTD, A
                      00088 
0000A0 8082           00089                         bsf             PORTC, 0, A ; RS = 1
0000A2 9282           00090                         bcf             PORTC, 1, A ; RW = 0
0000A4 8482           00091                         bsf             PORTC, 2, A ; E = 1
0000A6 EC0C F000      00092                         call    D100ms
0000AA 9482           00093                         bcf             PORTC, 2, A ; E = 1
                      00094                         
                      00095 
0000AC 0E48           00096                         movlw   D'72'
0000AE 6E83           00097                         movwf   PORTD, A
                      00098 
0000B0 8082           00099                         bsf             PORTC, 0, A ; RS = 1
0000B2 9282           00100                         bcf             PORTC, 1, A ; RW = 0
0000B4 8482           00101                         bsf             PORTC, 2, A ; E = 1
0000B6 EC0C F000      00102                         call    D100ms
0000BA 9482           00103                         bcf             PORTC, 2, A ; E = 1
                      00104 
0000BC 0E45           00105                         movlw   D'69'
0000BE 6E83           00106                         movwf   PORTD, A
                      00107         
0000C0 8082           00108                         bsf             PORTC, 0, A ; RS = 1
0000C2 9282           00109                         bcf             PORTC, 1, A ; RW = 0
0000C4 8482           00110                         bsf             PORTC, 2, A ; E = 1
MPASM  5.51                          ASS9.ASM   11-27-2020  20:28:53         PAGE  4


LOC  OBJECT CODE     LINE SOURCE TEXT
  VALUE

0000C6 EC0C F000      00111                         call    D100ms
0000CA 9482           00112                         bcf             PORTC, 2, A ; E = 1
                      00113                         
                      00114                         
0000CC 0E4E           00115                         movlw   D'78'
0000CE 6E83           00116                         movwf   PORTD, A
                      00117 
0000D0 8082           00118                         bsf             PORTC, 0, A ; RS = 1
0000D2 9282           00119                         bcf             PORTC, 1, A ; RW = 0
0000D4 8482           00120                         bsf             PORTC, 2, A ; E = 1
0000D6 EC0C F000      00121                         call    D100ms
0000DA 9482           00122                         bcf             PORTC, 2, A ; E = 1
                      00123                         
                      00124 
0000DC 0E53           00125                         movlw   D'83'
0000DE 6E83           00126                         movwf   PORTD, A
                      00127 
0000E0 8082           00128                         bsf             PORTC, 0, A ; RS = 1
0000E2 9282           00129                         bcf             PORTC, 1, A ; RW = 0
0000E4 8482           00130                         bsf             PORTC, 2, A ; E = 1
0000E6 EC0C F000      00131                         call    D100ms
0000EA 9482           00132                         bcf             PORTC, 2, A ; E = 1
                      00133                         
                      00134 
0000EC 0E45           00135                         movlw   D'69'
0000EE 6E83           00136                         movwf   PORTD, A
                      00137 
0000F0 8082           00138                         bsf             PORTC, 0, A ; RS = 1
0000F2 9282           00139                         bcf             PORTC, 1, A ; RW = 0
0000F4 8482           00140                         bsf             PORTC, 2, A ; E = 1
0000F6 EC0C F000      00141                         call    D100ms
0000FA 9482           00142                         bcf             PORTC, 2, A ; E = 1
                      00143 
0000FC 0E4D           00144                         movlw   D'77'
0000FE 6E83           00145                         movwf   PORTD, A
                      00146 
000100 8082           00147                         bsf             PORTC, 0, A ; RS = 1
000102 9282           00148                         bcf             PORTC, 1, A ; RW = 0
000104 8482           00149                         bsf             PORTC, 2, A ; E = 1
000106 EC0C F000      00150                         call    D100ms
00010A 9482           00151                         bcf             PORTC, 2, A ; E = 1
00010C 0012           00152                         return
                      00153 ;=======================================================================================================
                            ===========================================================================================
                      00154 ;DE96533
00010E 0E44           00155 DisplayID       movlw   D'68'
000110 6E83           00156                         movwf   PORTD, A
                      00157 
000112 8082           00158                         bsf             PORTC, 0, A ; RS = 1
000114 9282           00159                         bcf             PORTC, 1, A ; RW = 0
000116 8482           00160                         bsf             PORTC, 2, A ; E = 1
000118 EC0C F000      00161                         call    D100ms
00011C 9482           00162                         bcf             PORTC, 2, A ; E = 1
MPASM  5.51                          ASS9.ASM   11-27-2020  20:28:53         PAGE  5


LOC  OBJECT CODE     LINE SOURCE TEXT
  VALUE

                      00163                         
                      00164                         
00011E 0E45           00165                         movlw   D'69'
000120 6E83           00166                         movwf   PORTD, A
                      00167 
000122 8082           00168                         bsf             PORTC, 0, A ; RS = 1
000124 9282           00169                         bcf             PORTC, 1, A ; RW = 0
000126 8482           00170                         bsf             PORTC, 2, A ; E = 1
000128 EC0C F000      00171                         call    D100ms
00012C 9482           00172                         bcf             PORTC, 2, A ; E = 1
                      00173                         
                      00174 
00012E 0E39           00175                         movlw   D'57'
000130 6E83           00176                         movwf   PORTD, A
                      00177 
000132 8082           00178                         bsf             PORTC, 0, A ; RS = 1
000134 9282           00179                         bcf             PORTC, 1, A ; RW = 0
000136 8482           00180                         bsf             PORTC, 2, A ; E = 1
000138 EC0C F000      00181                         call    D100ms
00013C 9482           00182                         bcf             PORTC, 2, A ; E = 1
                      00183                         
                      00184 
00013E 0E36           00185                         movlw   D'54'
000140 6E83           00186                         movwf   PORTD, A
                      00187 
000142 8082           00188                         bsf             PORTC, 0, A ; RS = 1
000144 9282           00189                         bcf             PORTC, 1, A ; RW = 0
000146 8482           00190                         bsf             PORTC, 2, A ; E = 1
000148 EC0C F000      00191                         call    D100ms
00014C 9482           00192                         bcf             PORTC, 2, A ; E = 1
                      00193 
                      00194 
00014E 0E35           00195                         movlw   D'53'
000150 6E83           00196                         movwf   PORTD, A
                      00197 
000152 8082           00198                         bsf             PORTC, 0, A ; RS = 1
000154 9282           00199                         bcf             PORTC, 1, A ; RW = 0
000156 8482           00200                         bsf             PORTC, 2, A ; E = 1
000158 EC0C F000      00201                         call    D100ms
00015C 9482           00202                         bcf             PORTC, 2, A ; E = 1
                      00203                         
                      00204 
00015E 0E33           00205                         movlw   D'51'
000160 6E83           00206                         movwf   PORTD, A
                      00207 
000162 8082           00208                         bsf             PORTC, 0, A ; RS = 1
000164 9282           00209                         bcf             PORTC, 1, A ; RW = 0
000166 8482           00210                         bsf             PORTC, 2, A ; E = 1
000168 EC0C F000      00211                         call    D100ms
00016C 9482           00212                         bcf             PORTC, 2, A ; E = 1
                      00213                         
                      00214 
00016E 0E33           00215                         movlw   D'51'
MPASM  5.51                          ASS9.ASM   11-27-2020  20:28:53         PAGE  6


LOC  OBJECT CODE     LINE SOURCE TEXT
  VALUE

000170 6E83           00216                         movwf   PORTD, A
                      00217 
000172 8082           00218                         bsf             PORTC, 0, A ; RS = 1
000174 9282           00219                         bcf             PORTC, 1, A ; RW = 0
000176 8482           00220                         bsf             PORTC, 2, A ; E = 1
000178 EC0C F000      00221                         call    D100ms
00017C 9482           00222                         bcf             PORTC, 2, A ; E = 1
00017E 0012           00223                         return
                      00224 
                      00225 ;=======================================================================================================
                            ===========================================================================================
                      00226 ;Keypad
000180 0EC0           00227 Dec1            movlw   0xC0
000182 6E83           00228                         movwf   PORTD, A
000184 EC5C F001      00229                         call    Cmd
000188 0E31           00230                         movlw   D'49'
00018A 6E83           00231                         movwf   PORTD, A
                      00232         
00018C 8082           00233                         bsf             PORTC, 0, A ; RS = 1
00018E 9282           00234                         bcf             PORTC, 1, A ; RW = 0
000190 8482           00235                         bsf             PORTC, 2, A ; E = 1
000192 EC0C F000      00236                         call    D100ms
000196 9482           00237                         bcf             PORTC, 2, A ; E = 1
000198 0012           00238                         return
                      00239                         
00019A 0EC0           00240 Dec2            movlw   0xC0
00019C 6E83           00241                         movwf   PORTD, A
00019E EC5C F001      00242                         call    Cmd
0001A2 0E32           00243                         movlw   D'50'
0001A4 6E83           00244                         movwf   PORTD, A
                      00245 
0001A6 8082           00246                         bsf             PORTC, 0, A ; RS = 1
0001A8 9282           00247                         bcf             PORTC, 1, A ; RW = 0
0001AA 8482           00248                         bsf             PORTC, 2, A ; E = 1
0001AC EC0C F000      00249                         call    D100ms
0001B0 9482           00250                         bcf             PORTC, 2, A ; E = 1
0001B2 0012           00251                         return
                      00252 
0001B4 0EC0           00253 Dec3            movlw   0xC0
0001B6 6E83           00254                         movwf   PORTD, A
0001B8 EC5C F001      00255                         call    Cmd
0001BC 0E33           00256                         movlw   D'51'
0001BE 6E83           00257                         movwf   PORTD, A
                      00258 
0001C0 8082           00259                         bsf             PORTC, 0, A ; RS = 1
0001C2 9282           00260                         bcf             PORTC, 1, A ; RW = 0
0001C4 8482           00261                         bsf             PORTC, 2, A ; E = 1
0001C6 EC0C F000      00262                         call    D100ms
0001CA 9482           00263                         bcf             PORTC, 2, A ; E = 1
0001CC 0012           00264                         return
                      00265 
0001CE 0EC0           00266 Dec4            movlw   0xC0
0001D0 6E83           00267                         movwf   PORTD, A
MPASM  5.51                          ASS9.ASM   11-27-2020  20:28:53         PAGE  7


LOC  OBJECT CODE     LINE SOURCE TEXT
  VALUE

0001D2 EC5C F001      00268                         call    Cmd
0001D6 0E34           00269                         movlw   D'52'
0001D8 6E83           00270                         movwf   PORTD, A
                      00271 
0001DA 8082           00272                         bsf             PORTC, 0, A ; RS = 1
0001DC 9282           00273                         bcf             PORTC, 1, A ; RW = 0
0001DE 8482           00274                         bsf             PORTC, 2, A ; E = 1
0001E0 EC0C F000      00275                         call    D100ms
0001E4 9482           00276                         bcf             PORTC, 2, A ; E = 1
0001E6 0012           00277                         return
                      00278 
0001E8 0EC0           00279 Dec5            movlw   0xC0
0001EA 6E83           00280                         movwf   PORTD, A
0001EC EC5C F001      00281                         call    Cmd
0001F0 0E35           00282                         movlw   D'53'
0001F2 6E83           00283                         movwf   PORTD, A
                      00284 
0001F4 8082           00285                         bsf             PORTC, 0, A ; RS = 1
0001F6 9282           00286                         bcf             PORTC, 1, A ; RW = 0
0001F8 8482           00287                         bsf             PORTC, 2, A ; E = 1
0001FA EC0C F000      00288                         call    D100ms
0001FE 9482           00289                         bcf             PORTC, 2, A ; E = 1
000200 0012           00290                         return
                      00291 
000202 0EC0           00292 Dec6            movlw   0xC0
000204 6E83           00293                         movwf   PORTD, A
000206 EC5C F001      00294                         call    Cmd
00020A 0E36           00295                         movlw   D'54'
00020C 6E83           00296                         movwf   PORTD, A
                      00297 
00020E 8082           00298                         bsf             PORTC, 0, A ; RS = 1
000210 9282           00299                         bcf             PORTC, 1, A ; RW = 0
000212 8482           00300                         bsf             PORTC, 2, A ; E = 1
000214 EC0C F000      00301                         call    D100ms
000218 9482           00302                         bcf             PORTC, 2, A ; E = 1
00021A 0012           00303                         return
                      00304 
00021C 0EC0           00305 Dec7            movlw   0xC0
00021E 6E83           00306                         movwf   PORTD, A
000220 EC5C F001      00307                         call    Cmd
000224 0E37           00308                         movlw   D'55'
000226 6E83           00309                         movwf   PORTD, A
                      00310 
000228 8082           00311                         bsf             PORTC, 0, A ; RS = 1
00022A 9282           00312                         bcf             PORTC, 1, A ; RW = 0
00022C 8482           00313                         bsf             PORTC, 2, A ; E = 1
00022E EC0C F000      00314                         call    D100ms
000232 9482           00315                         bcf             PORTC, 2, A ; E = 1
000234 0012           00316                         return
                      00317 
000236 0EC0           00318 Dec8            movlw   0xC0
000238 6E83           00319                         movwf   PORTD, A
00023A EC5C F001      00320                         call    Cmd
MPASM  5.51                          ASS9.ASM   11-27-2020  20:28:53         PAGE  8


LOC  OBJECT CODE     LINE SOURCE TEXT
  VALUE

00023E 0E38           00321                         movlw   D'56'
000240 6E83           00322                         movwf   PORTD, A
                      00323         
000242 8082           00324                         bsf             PORTC, 0, A ; RS = 1
000244 9282           00325                         bcf             PORTC, 1, A ; RW = 0
000246 8482           00326                         bsf             PORTC, 2, A ; E = 1
000248 EC0C F000      00327                         call    D100ms
00024C 9482           00328                         bcf             PORTC, 2, A ; E = 1
00024E 0012           00329                         return
                      00330                         
000250 0EC0           00331 Dec9            movlw   0xC0
000252 6E83           00332                         movwf   PORTD, A
000254 EC5C F001      00333                         call    Cmd
000258 0E39           00334                         movlw   D'57'
00025A 6E83           00335                         movwf   PORTD, A
                      00336 
00025C 8082           00337                         bsf             PORTC, 0, A ; RS = 1
00025E 9282           00338                         bcf             PORTC, 1, A ; RW = 0
000260 8482           00339                         bsf             PORTC, 2, A ; E = 1
000262 EC0C F000      00340                         call    D100ms
000266 9482           00341                         bcf             PORTC, 2, A ; E = 1
000268 0012           00342                         return
                      00343 
00026A 0EC0           00344 Dec10           movlw   0xC0
00026C 6E83           00345                         movwf   PORTD, A
00026E EC5C F001      00346                         call    Cmd
000272 0E2A           00347                         movlw   D'42'
000274 6E83           00348                         movwf   PORTD, A
                      00349 
000276 8082           00350                         bsf             PORTC, 0, A ; RS = 1
000278 9282           00351                         bcf             PORTC, 1, A ; RW = 0
00027A 8482           00352                         bsf             PORTC, 2, A ; E = 1
00027C EC0C F000      00353                         call    D100ms
000280 9482           00354                         bcf             PORTC, 2, A ; E = 1
000282 0012           00355                         return
                      00356 
000284 0EC0           00357 Dec11           movlw   0xC0
000286 6E83           00358                         movwf   PORTD, A
000288 EC5C F001      00359                         call    Cmd
00028C 0E30           00360                         movlw   D'48'
00028E 6E83           00361                         movwf   PORTD, A
                      00362 
000290 8082           00363                         bsf             PORTC, 0, A ; RS = 1
000292 9282           00364                         bcf             PORTC, 1, A ; RW = 0
000294 8482           00365                         bsf             PORTC, 2, A ; E = 1
000296 EC0C F000      00366                         call    D100ms
00029A 9482           00367                         bcf             PORTC, 2, A ; E = 1
00029C 0012           00368                         return
                      00369 
00029E 0EC0           00370 Dec12           movlw   0xC0
0002A0 6E83           00371                         movwf   PORTD, A
0002A2 EC5C F001      00372                         call    Cmd     
0002A6 0E23           00373                         movlw   D'35'
MPASM  5.51                          ASS9.ASM   11-27-2020  20:28:53         PAGE  9


LOC  OBJECT CODE     LINE SOURCE TEXT
  VALUE

0002A8 6E83           00374                         movwf   PORTD, A
                      00375 
0002AA 8082           00376                         bsf             PORTC, 0, A ; RS = 1
0002AC 9282           00377                         bcf             PORTC, 1, A ; RW = 0
0002AE 8482           00378                         bsf             PORTC, 2, A ; E = 1
0002B0 EC0C F000      00379                         call    D100ms
0002B4 9482           00380                         bcf             PORTC, 2, A ; E = 1
0002B6 0012           00381                         return
                      00382 
                      00383 
                      00384                         
                      00385                         
                      00386 ;=======================================================================================================
                            ==========================================================================                      
                      00387 ;subroutine
                      00388                         
0002B8 9082           00389 Cmd                     bcf             PORTC, 0, A; RS = 0
0002BA 9282           00390                         bcf             PORTC, 1, A; RW = 0
0002BC 8482           00391                         bsf             PORTC, 2, A; E = 1
0002BE EC0C F000      00392                         call    D100ms
0002C2 9482           00393                         bcf             PORTC, 2, A; E = 1
0002C4 0012           00394                         return
                      00395 
                      00396 ;=======================================================================================================
                            ==========================================================================                      
                      00397 ;subroutine
                      00398                         
0002C6 0E04           00399 keypadA         movlw   B'00000100'
0002C8 6E81           00400                         movwf   PORTB, A
0002CA 0012           00401                         return
                      00402 
0002CC 0E08           00403 keypadB         movlw   B'00001000'
0002CE 6E81           00404                         movwf   PORTB, A
0002D0 0012           00405                         return
                      00406 
0002D2 0E10           00407 keypadC         movlw   B'00010000'
0002D4 6E81           00408                         movwf   PORTB, A
0002D6 0012           00409                         return
                      00410 
0002D8 0E20           00411 keypadD         movlw   B'00100000'
0002DA 6E81           00412                         movwf   PORTB, A
0002DC 0012           00413                         return
                      00414 ;=======================================================================================================
                            ==========================================================================                      
                      00415 
0002DE 6A94           00416 start           clrf    TRISC, A
0002E0 6A95           00417                         clrf    TRISD, A
0002E2 0EC3           00418                         movlw   B'11000011'
0002E4 6E93           00419                         movwf   TRISB, A
0002E6 6892           00420                         setf    TRISA, A
                      00421                         
                      00422 ;=======================================================================================================
                            =========================================================================                       
MPASM  5.51                          ASS9.ASM   11-27-2020  20:28:53         PAGE 10


LOC  OBJECT CODE     LINE SOURCE TEXT
  VALUE

                      00423                         
0002E8 0E38           00424                         movlw   0x38                            ;configure 2 lines and 5x7 matrix
0002EA 6E83           00425                         movwf   PORTD, A
                      00426                         
0002EC EC5C F001      00427                         call    Cmd
                      00428                         
                      00429 ;=======================================================================================================
                            =========================================================================                       
                      00430                         
                      00431 
0002F0 0E0F           00432                         movlw   0x0F                            ;display on
0002F2 6E83           00433                         movwf   PORTD, A
                      00434 
0002F4 EC5C F001      00435                         call    Cmd
                      00436 
                      00437 ;=======================================================================================================
                            =========================================================================                       
                      00438                         
                      00439                         
0002F8 0E01           00440                         movlw   0x01                            ;clear display
0002FA 6E83           00441                         movwf   PORTD, A
                      00442 
0002FC EC5C F001      00443                         call    Cmd     
                      00444                         
                      00445 ;=======================================================================================================
                            =========================================================================                       
                      00446                         
                      00447         
000300 B081           00448 check           btfsc   PORTB, 0, A
000302 EC26 F000      00449                         call    Haziq
                      00450 
000306 B281           00451 check1          btfsc   PORTB, 1, A
000308 EC87 F000      00452                         call    DisplayID
                      00453 
00030C EC63 F001      00454 checkK1         call    keypadA
000310 B880           00455                         btfsc   PORTA, 4, A
000312 ECC0 F000      00456                         call    Dec1
                      00457 
000316 EC63 F001      00458 checkK2         call    keypadA
00031A BC81           00459                         btfsc   PORTB, 6, A
00031C ECCD F000      00460                         call    Dec2
                      00461 
000320 EC63 F001      00462 checkK3         call    keypadA
000324 BE81           00463                         btfsc   PORTB, 7, A
000326 ECDA F000      00464                         call    Dec3
                      00465 
00032A EC66 F001      00466 checkK4         call    keypadB
00032E B880           00467                         btfsc   PORTA, 4, A
000330 ECE7 F000      00468                         call    Dec4
                      00469 
000334 EC66 F001      00470 checkK5         call    keypadB
000338 BC81           00471                         btfsc   PORTB, 6, A
00033A ECF4 F000      00472                         call    Dec5
MPASM  5.51                          ASS9.ASM   11-27-2020  20:28:53         PAGE 11


LOC  OBJECT CODE     LINE SOURCE TEXT
  VALUE

                      00473 
00033E EC66 F001      00474 checkK6         call    keypadB
000342 BE81           00475                         btfsc   PORTB, 7, A
000344 EC01 F001      00476                         call    Dec6
                      00477 
000348 EC69 F001      00478 checkK7         call    keypadC
00034C B880           00479                         btfsc   PORTA, 4, A
00034E EC0E F001      00480                         call    Dec7
                      00481 
000352 EC69 F001      00482 checkK8         call    keypadC
000356 BC81           00483                         btfsc   PORTB, 6, A
000358 EC1B F001      00484                         call    Dec8
                      00485 
00035C EC69 F001      00486 checkK9         call    keypadC
000360 BE81           00487                         btfsc   PORTB, 7, A
000362 EC28 F001      00488                         call    Dec9
                      00489 
000366 EC6C F001      00490 checkK10        call    keypadD
00036A B880           00491                         btfsc   PORTA, 4, A
00036C EC35 F001      00492                         call    Dec10
                      00493 
000370 EC6C F001      00494 checkK11        call    keypadD
000374 BC81           00495                         btfsc   PORTB, 6, A
000376 EC42 F001      00496                         call    Dec11
                      00497 
00037A EC6C F001      00498 checkK12        call    keypadD
00037E BE81           00499                         btfsc   PORTB, 7, A
000380 EC4F F001      00500                         call    Dec12
                      00501                         
                      00502                         end     
MPASM  5.51                          ASS9.ASM   11-27-2020  20:28:53         PAGE 12


SYMBOL TABLE
  LABEL                             VALUE 

A                                 00000000
ABDEN                             00000000
ABDOVF                            00000007
ACCESS                            00000000
ACKDT                             00000005
ACKEN                             00000004
ACKSTAT                           00000006
ACQT0                             00000003
ACQT1                             00000004
ACQT2                             00000005
ACTVIE                            00000002
ACTVIF                            00000002
ADCON0                            00000FC2
ADCON1                            00000FC1
ADCON2                            00000FC0
ADCS0                             00000000
ADCS1                             00000001
ADCS2                             00000002
ADDEN                             00000003
ADDR0                             00000000
ADDR1                             00000001
ADDR2                             00000002
ADDR3                             00000003
ADDR4                             00000004
ADDR5                             00000005
ADDR6                             00000006
ADEN                              00000003
ADFM                              00000007
ADIE                              00000006
ADIF                              00000006
ADIP                              00000006
ADON                              00000000
ADRES                             00000FC3
ADRESH                            00000FC4
ADRESL                            00000FC3
AN0                               00000000
AN1                               00000001
AN2                               00000002
AN3                               00000003
AN4                               00000005
BANKED                            00000001
BAUDCON                           00000FB8
BAUDCTL                           00000FB8
BCLIE                             00000003
BCLIF                             00000003
BCLIP                             00000003
BF                                00000000
BGST                              00000005
BOR                               00000000
BRG16                             00000003
BRGH                              00000002
BSR                               00000FE0
BTOEE                             00000004
MPASM  5.51                          ASS9.ASM   11-27-2020  20:28:53         PAGE 13


SYMBOL TABLE
  LABEL                             VALUE 

BTOEF                             00000004
BTSEE                             00000007
BTSEF                             00000007
C                                 00000000
C1INV                             00000004
C1OUT                             00000006
C2INV                             00000005
C2OUT                             00000007
CCP1                              00000002
CCP1AS                            00000FB6
CCP1CON                           00000FBD
CCP1DEL                           00000FB7
CCP1IE                            00000002
CCP1IF                            00000002
CCP1IP                            00000002
CCP1M0                            00000000
CCP1M1                            00000001
CCP1M2                            00000002
CCP1M3                            00000003
CCP2CON                           00000FBA
CCP2IE                            00000000
CCP2IF                            00000000
CCP2IP                            00000000
CCP2M0                            00000000
CCP2M1                            00000001
CCP2M2                            00000002
CCP2M3                            00000003
CCPR1                             00000FBE
CCPR1H                            00000FBF
CCPR1L                            00000FBE
CCPR2                             00000FBB
CCPR2H                            00000FBC
CCPR2L                            00000FBB
CFGS                              00000006
CHS0                              00000002
CHS1                              00000003
CHS2                              00000004
CHS3                              00000005
CIS                               00000003
CK                                00000006
CK1SPP                            00000000
CK2SPP                            00000001
CKE                               00000006
CKP                               00000004
CLK1EN                            00000004
CLKCFG0                           00000006
CLKCFG1                           00000007
CM0                               00000000
CM1                               00000001
CM2                               00000002
CMCON                             00000FB4
CMIE                              00000006
CMIF                              00000006
MPASM  5.51                          ASS9.ASM   11-27-2020  20:28:53         PAGE 14


SYMBOL TABLE
  LABEL                             VALUE 

CMIP                              00000006
CRC16EE                           00000002
CRC16EF                           00000002
CRC5EE                            00000001
CRC5EF                            00000001
CREN                              00000004
CSEN                              00000005
CSRC                              00000007
CVR0                              00000000
CVR1                              00000001
CVR2                              00000002
CVR3                              00000003
CVRCON                            00000FB5
CVREF                             00000004
CVREN                             00000007
CVROE                             00000006
CVRR                              00000005
CVRSS                             00000004
Cmd                               000002B8
D                                 00000005
D100ms                            00000018
DATA_ADDRESS                      00000005
DC                                00000001
DC1B0                             00000004
DC1B1                             00000005
DC2B0                             00000004
DC2B1                             00000005
DDRA                              TRISA
DDRB                              TRISB
DDRC                              TRISC
DDRD                              TRISD
DDRE                              TRISE
DFN8EE                            00000003
DFN8EF                            00000003
DIR                               00000002
DONE                              00000001
D_A                               00000005
D_NOT_A                           00000005
Dec1                              00000180
Dec10                             0000026A
Dec11                             00000284
Dec12                             0000029E
Dec2                              0000019A
Dec3                              000001B4
Dec4                              000001CE
Dec5                              000001E8
Dec6                              00000202
Dec7                              0000021C
Dec8                              00000236
Dec9                              00000250
DisplayID                         0000010E
ECCP1AS                           00000FB6
ECCP1CON                          00000FBD
MPASM  5.51                          ASS9.ASM   11-27-2020  20:28:53         PAGE 15


SYMBOL TABLE
  LABEL                             VALUE 

ECCP1DEL                          00000FB7
ECCPAS0                           00000004
ECCPAS1                           00000005
ECCPAS2                           00000006
ECCPASE                           00000007
EEADR                             00000FA9
EECON1                            00000FA6
EECON2                            00000FA7
EEDATA                            00000FA8
EEIE                              00000004
EEIF                              00000004
EEIP                              00000004
EEPGD                             00000007
ENDP0                             00000003
ENDP1                             00000004
ENDP2                             00000005
ENDP3                             00000006
EPCONDIS                          00000003
EPHSHK                            00000004
EPINEN                            00000001
EPOUTEN                           00000002
EPSTALL                           00000000
FAST                              00000001
FERR                              00000002
FLTS                              00000002
FREE                              00000004
FRM0                              00000000
FRM1                              00000001
FRM10                             00000002
FRM2                              00000002
FRM3                              00000003
FRM4                              00000004
FRM5                              00000005
FRM6                              00000006
FRM7                              00000007
FRM8                              00000000
FRM9                              00000001
FSEN                              00000002
FSR0                              00000000
FSR0H                             00000FEA
FSR0L                             00000FE9
FSR1                              00000001
FSR1H                             00000FE2
FSR1L                             00000FE1
FSR2                              00000002
FSR2H                             00000FDA
FSR2L                             00000FD9
GCEN                              00000007
GIE                               00000007
GIEH                              00000007
GIEL                              00000006
GIE_GIEH                          00000007
GO                                00000001
MPASM  5.51                          ASS9.ASM   11-27-2020  20:28:53         PAGE 16


SYMBOL TABLE
  LABEL                             VALUE 

GO_DONE                           00000001
GO_NOT_DONE                       00000001
HLVDCON                           00000FD2
HLVDEN                            00000004
HLVDIE                            00000002
HLVDIF                            00000002
HLVDIN                            00000005
HLVDIP                            00000002
HLVDL0                            00000000
HLVDL1                            00000001
HLVDL2                            00000002
HLVDL3                            00000003
Haziq                             0000004C
I2C_DAT                           00000005
I2C_READ                          00000002
I2C_START                         00000003
I2C_STOP                          00000004
IDLEIE                            00000004
IDLEIF                            00000004
IDLEN                             00000007
INDF0                             00000FEF
INDF1                             00000FE7
INDF2                             00000FDF
INT0                              00000000
INT0E                             00000004
INT0F                             00000001
INT0IE                            00000004
INT0IF                            00000001
INT1                              00000001
INT1E                             00000003
INT1F                             00000000
INT1IE                            00000003
INT1IF                            00000000
INT1IP                            00000006
INT1P                             00000006
INT2                              00000002
INT2E                             00000004
INT2F                             00000001
INT2IE                            00000004
INT2IF                            00000001
INT2IP                            00000007
INT2P                             00000007
INTCON                            00000FF2
INTCON2                           00000FF1
INTCON3                           00000FF0
INTEDG0                           00000006
INTEDG1                           00000005
INTEDG2                           00000004
INTSRC                            00000007
IOFS                              00000002
IPEN                              00000007
IPR1                              00000F9F
IPR2                              00000FA2
MPASM  5.51                          ASS9.ASM   11-27-2020  20:28:53         PAGE 17


SYMBOL TABLE
  LABEL                             VALUE 

IRCF0                             00000004
IRCF1                             00000005
IRCF2                             00000006
IRVST                             00000005
IVRST                             00000005
LATA                              00000F89
LATA0                             00000000
LATA1                             00000001
LATA2                             00000002
LATA3                             00000003
LATA4                             00000004
LATA5                             00000005
LATA6                             00000006
LATB                              00000F8A
LATB0                             00000000
LATB1                             00000001
LATB2                             00000002
LATB3                             00000003
LATB4                             00000004
LATB5                             00000005
LATB6                             00000006
LATB7                             00000007
LATC                              00000F8B
LATC0                             00000000
LATC1                             00000001
LATC2                             00000002
LATC6                             00000006
LATC7                             00000007
LATD                              00000F8C
LATD0                             00000000
LATD1                             00000001
LATD2                             00000002
LATD3                             00000003
LATD4                             00000004
LATD5                             00000005
LATD6                             00000006
LATD7                             00000007
LATE                              00000F8D
LATE0                             00000000
LATE1                             00000001
LATE2                             00000002
LVDCON                            00000FD2
LVDEN                             00000004
LVDIE                             00000002
LVDIF                             00000002
LVDIN                             00000005
LVDIP                             00000002
LVDL0                             00000000
LVDL1                             00000001
LVDL2                             00000002
LVDL3                             00000003
LVV0                              00000000
LVV1                              00000001
MPASM  5.51                          ASS9.ASM   11-27-2020  20:28:53         PAGE 18


SYMBOL TABLE
  LABEL                             VALUE 

LVV2                              00000002
LVV3                              00000003
N                                 00000004
NOT_A                             00000005
NOT_ADDRESS                       00000005
NOT_BOR                           00000000
NOT_DONE                          00000001
NOT_IPEN                          00000007
NOT_PD                            00000002
NOT_POR                           00000001
NOT_RBPU                          00000007
NOT_RI                            00000004
NOT_T1SYNC                        00000002
NOT_T3SYNC                        00000002
NOT_TO                            00000003
NOT_W                             00000002
NOT_WRITE                         00000002
OERR                              00000001
OESPP                             00000002
OSC2                              00000006
OSCCON                            00000FD3
OSCFIE                            00000007
OSCFIF                            00000007
OSCFIP                            00000007
OSCTUNE                           00000F9B
OSTS                              00000003
OV                                00000003
P                                 00000004
P1A                               00000002
P1M0                              00000006
P1M1                              00000007
PC                                00000FF9
PCFG0                             00000000
PCFG1                             00000001
PCFG2                             00000002
PCFG3                             00000003
PCL                               00000FF9
PCLATH                            00000FFA
PCLATU                            00000FFB
PD                                00000002
PDC0                              00000000
PDC1                              00000001
PDC2                              00000002
PDC3                              00000003
PDC4                              00000004
PDC5                              00000005
PDC6                              00000006
PEIE                              00000006
PEIE_GIEL                         00000006
PEN                               00000002
PGC                               00000006
PGD                               00000007
PGM                               00000005
MPASM  5.51                          ASS9.ASM   11-27-2020  20:28:53         PAGE 19


SYMBOL TABLE
  LABEL                             VALUE 

PIDEE                             00000000
PIDEF                             00000000
PIE1                              00000F9D
PIE2                              00000FA0
PIR1                              00000F9E
PIR2                              00000FA1
PKTDIS                            00000004
PLUSW0                            00000FEB
PLUSW1                            00000FE3
PLUSW2                            00000FDB
POR                               00000001
PORTA                             00000F80
PORTB                             00000F81
PORTC                             00000F82
PORTD                             00000F83
PORTE                             00000F84
POSTDEC0                          00000FED
POSTDEC1                          00000FE5
POSTDEC2                          00000FDD
POSTINC0                          00000FEE
POSTINC1                          00000FE6
POSTINC2                          00000FDE
PPB0                              00000000
PPB1                              00000001
PPBI                              00000001
PPBRST                            00000006
PR2                               00000FCB
PREINC0                           00000FEC
PREINC1                           00000FE4
PREINC2                           00000FDC
PROD                              00000FF3
PRODH                             00000FF4
PRODL                             00000FF3
PRSEN                             00000007
PSA                               00000003
PSSAC0                            00000002
PSSAC1                            00000003
PSSBD0                            00000000
PSSBD1                            00000001
R                                 00000002
RA0                               00000000
RA1                               00000001
RA2                               00000002
RA3                               00000003
RA4                               00000004
RA5                               00000005
RA6                               00000006
RB0                               00000000
RB1                               00000001
RB2                               00000002
RB3                               00000003
RB4                               00000004
RB5                               00000005
MPASM  5.51                          ASS9.ASM   11-27-2020  20:28:53         PAGE 20


SYMBOL TABLE
  LABEL                             VALUE 

RB6                               00000006
RB7                               00000007
RBIE                              00000003
RBIF                              00000000
RBIP                              00000000
RBPU                              00000007
RC0                               00000000
RC1                               00000001
RC2                               00000002
RC4                               00000004
RC5                               00000005
RC6                               00000006
RC7                               00000007
RCEN                              00000003
RCIDL                             00000006
RCIE                              00000005
RCIF                              00000005
RCIP                              00000005
RCMT                              00000006
RCON                              00000FD0
RCREG                             00000FAE
RCSTA                             00000FAB
RD                                00000000
RD0                               00000000
RD1                               00000001
RD16                              00000007
RD2                               00000002
RD3                               00000003
RD4                               00000004
RD5                               00000005
RD6                               00000006
RD7                               00000007
RDPU                              00000007
RDSPP                             00000007
RE0                               00000000
RE1                               00000001
RE2                               00000002
RE3                               00000003
READ_WRITE                        00000002
RESUME                            00000002
RI                                00000004
RSEN                              00000001
RX                                00000007
RX9                               00000006
RX9D                              00000000
RXDTP                             00000005
R_NOT_W                           00000002
R_W                               00000002
S                                 00000003
SBOREN                            00000006
SCKP                              00000004
SCS0                              00000000
SCS1                              00000001
MPASM  5.51                          ASS9.ASM   11-27-2020  20:28:53         PAGE 21


SYMBOL TABLE
  LABEL                             VALUE 

SE0                               00000005
SEN                               00000000
SENDB                             00000003
SMP                               00000007
SOFIE                             00000006
SOFIF                             00000006
SPBRG                             00000FAF
SPBRGH                            00000FB0
SPEN                              00000007
SPP0                              00000000
SPP1                              00000001
SPP2                              00000002
SPP3                              00000003
SPP4                              00000004
SPP5                              00000005
SPP6                              00000006
SPP7                              00000007
SPPBUSY                           00000004
SPPCFG                            00000F63
SPPCON                            00000F65
SPPDATA                           00000F62
SPPEN                             00000000
SPPEPS                            00000F64
SPPIE                             00000007
SPPIF                             00000007
SPPIP                             00000007
SPPOWN                            00000001
SREN                              00000005
SSPADD                            00000FC8
SSPBUF                            00000FC9
SSPCON1                           00000FC6
SSPCON2                           00000FC5
SSPEN                             00000005
SSPIE                             00000003
SSPIF                             00000003
SSPIP                             00000003
SSPM0                             00000000
SSPM1                             00000001
SSPM2                             00000002
SSPM3                             00000003
SSPOV                             00000006
SSPSTAT                           00000FC7
STALLIE                           00000005
STALLIF                           00000005
STATUS                            00000FD8
STKFUL                            00000007
STKOVF                            00000007
STKPTR                            00000FFC
STKPTR0                           00000000
STKPTR1                           00000001
STKPTR2                           00000002
STKPTR3                           00000003
STKPTR4                           00000004
MPASM  5.51                          ASS9.ASM   11-27-2020  20:28:53         PAGE 22


SYMBOL TABLE
  LABEL                             VALUE 

STKUNF                            00000006
SUSPND                            00000001
SWDTE                             00000000
SWDTEN                            00000000
SYNC                              00000004
T08BIT                            00000006
T0CKI                             00000004
T0CON                             00000FD5
T0CS                              00000005
T0IE                              00000005
T0IF                              00000002
T0IP                              00000002
T0PS0                             00000000
T0PS1                             00000001
T0PS2                             00000002
T0SE                              00000004
T13CKI                            00000000
T1CKPS0                           00000004
T1CKPS1                           00000005
T1CON                             00000FCD
T1OSCEN                           00000003
T1OSI                             00000001
T1OSO                             00000000
T1RUN                             00000006
T1SYNC                            00000002
T2CKPS0                           00000000
T2CKPS1                           00000001
T2CON                             00000FCA
T2OUTPS0                          00000003
T2OUTPS1                          00000004
T2OUTPS2                          00000005
T2OUTPS3                          00000006
T3CCP1                            00000003
T3CCP2                            00000006
T3CKPS0                           00000004
T3CKPS1                           00000005
T3CON                             00000FB1
T3NSYNC                           00000002
T3SYNC                            00000002
TABLAT                            00000FF5
TBLPTR                            00000FF6
TBLPTRH                           00000FF7
TBLPTRL                           00000FF6
TBLPTRU                           00000FF8
TMR0                              00000FD6
TMR0H                             00000FD7
TMR0IE                            00000005
TMR0IF                            00000002
TMR0IP                            00000002
TMR0L                             00000FD6
TMR0ON                            00000007
TMR1                              00000FCE
TMR1CS                            00000001
MPASM  5.51                          ASS9.ASM   11-27-2020  20:28:53         PAGE 23


SYMBOL TABLE
  LABEL                             VALUE 

TMR1H                             00000FCF
TMR1IE                            00000000
TMR1IF                            00000000
TMR1IP                            00000000
TMR1L                             00000FCE
TMR1ON                            00000000
TMR2                              00000FCC
TMR2IE                            00000001
TMR2IF                            00000001
TMR2IP                            00000001
TMR2ON                            00000002
TMR3                              00000FB2
TMR3CS                            00000001
TMR3H                             00000FB3
TMR3IE                            00000001
TMR3IF                            00000001
TMR3IP                            00000001
TMR3L                             00000FB2
TMR3ON                            00000000
TO                                00000003
TOS                               00000FFD
TOSH                              00000FFE
TOSL                              00000FFD
TOSU                              00000FFF
TOUTPS0                           00000003
TOUTPS1                           00000004
TOUTPS2                           00000005
TOUTPS3                           00000006
TRISA                             00000F92
TRISA0                            00000000
TRISA1                            00000001
TRISA2                            00000002
TRISA3                            00000003
TRISA4                            00000004
TRISA5                            00000005
TRISA6                            00000006
TRISB                             00000F93
TRISB0                            00000000
TRISB1                            00000001
TRISB2                            00000002
TRISB3                            00000003
TRISB4                            00000004
TRISB5                            00000005
TRISB6                            00000006
TRISB7                            00000007
TRISC                             00000F94
TRISC0                            00000000
TRISC1                            00000001
TRISC2                            00000002
TRISC6                            00000006
TRISC7                            00000007
TRISD                             00000F95
TRISD0                            00000000
MPASM  5.51                          ASS9.ASM   11-27-2020  20:28:53         PAGE 24


SYMBOL TABLE
  LABEL                             VALUE 

TRISD1                            00000001
TRISD2                            00000002
TRISD3                            00000003
TRISD4                            00000004
TRISD5                            00000005
TRISD6                            00000006
TRISD7                            00000007
TRISE                             00000F96
TRISE0                            00000000
TRISE1                            00000001
TRISE2                            00000002
TRMT                              00000001
TRNIE                             00000003
TRNIF                             00000003
TUN0                              00000000
TUN1                              00000001
TUN2                              00000002
TUN3                              00000003
TUN4                              00000004
TX                                00000006
TX9                               00000006
TX9D                              00000000
TXCKP                             00000004
TXEN                              00000005
TXIE                              00000004
TXIF                              00000004
TXIP                              00000004
TXREG                             00000FAD
TXSTA                             00000FAC
UA                                00000001
UADDR                             00000F6E
UCFG                              00000F6F
UCON                              00000F6D
UEIE                              00000F6B
UEIR                              00000F6A
UEP0                              00000F70
UEP1                              00000F71
UEP10                             00000F7A
UEP11                             00000F7B
UEP12                             00000F7C
UEP13                             00000F7D
UEP14                             00000F7E
UEP15                             00000F7F
UEP2                              00000F72
UEP3                              00000F73
UEP4                              00000F74
UEP5                              00000F75
UEP6                              00000F76
UEP7                              00000F77
UEP8                              00000F78
UEP9                              00000F79
UERRIE                            00000001
UERRIF                            00000001
MPASM  5.51                          ASS9.ASM   11-27-2020  20:28:53         PAGE 25


SYMBOL TABLE
  LABEL                             VALUE 

UFRM                              00000F66
UFRMH                             00000F67
UFRML                             00000F66
UIE                               00000F69
UIR                               00000F68
UOEMON                            00000006
UPUEN                             00000004
URSTIE                            00000000
URSTIF                            00000000
USBEN                             00000003
USBIE                             00000005
USBIF                             00000005
USBIP                             00000005
USTAT                             00000F6C
UTEYE                             00000007
UTRDIS                            00000003
VCFG0                             00000004
VCFG1                             00000005
VDIRMAG                           00000007
VREFM                             00000002
VREFP                             00000003
W                                 00000000
WCOL                              00000007
WDTCON                            00000FD1
WR                                00000001
WREG                              00000FE8
WREN                              00000002
WRERR                             00000003
WRSPP                             00000006
WS0                               00000000
WS1                               00000001
WS2                               00000002
WS3                               00000003
WUE                               00000001
Z                                 00000002
_BORV_0_2L                        000000E7
_BORV_1_2L                        000000EF
_BORV_2_2L                        000000F7
_BORV_3_2L                        000000FF
_BOR_OFF_2L                       000000F9
_BOR_ON_2L                        000000FF
_BOR_ON_ACTIVE_2L                 000000FD
_BOR_SOFT_2L                      000000FB
_CCP2MX_OFF_3H                    000000FE
_CCP2MX_ON_3H                     000000FF
_CONFIG1H                         00300001
_CONFIG1L                         00300000
_CONFIG2H                         00300003
_CONFIG2L                         00300002
_CONFIG3H                         00300005
_CONFIG4L                         00300006
_CONFIG5H                         00300009
_CONFIG5L                         00300008
MPASM  5.51                          ASS9.ASM   11-27-2020  20:28:53         PAGE 26


SYMBOL TABLE
  LABEL                             VALUE 

_CONFIG6H                         0030000B
_CONFIG6L                         0030000A
_CONFIG7H                         0030000D
_CONFIG7L                         0030000C
_CP0_OFF_5L                       000000FF
_CP0_ON_5L                        000000FE
_CP1_OFF_5L                       000000FF
_CP1_ON_5L                        000000FD
_CP2_OFF_5L                       000000FF
_CP2_ON_5L                        000000FB
_CP3_OFF_5L                       000000FF
_CP3_ON_5L                        000000F7
_CPB_OFF_5H                       000000FF
_CPB_ON_5H                        000000BF
_CPD_OFF_5H                       000000FF
_CPD_ON_5H                        0000007F
_CPUDIV_OSC1_PLL2_1L              000000E7
_CPUDIV_OSC2_PLL3_1L              000000EF
_CPUDIV_OSC3_PLL4_1L              000000F7
_CPUDIV_OSC4_PLL6_1L              000000FF
_DEBUG_OFF_4L                     000000FF
_DEBUG_ON_4L                      0000007F
_DEVID1                           003FFFFE
_DEVID2                           003FFFFF
_EBTR0_OFF_7L                     000000FF
_EBTR0_ON_7L                      000000FE
_EBTR1_OFF_7L                     000000FF
_EBTR1_ON_7L                      000000FD
_EBTR2_OFF_7L                     000000FF
_EBTR2_ON_7L                      000000FB
_EBTR3_OFF_7L                     000000FF
_EBTR3_ON_7L                      000000F7
_EBTRB_OFF_7H                     000000FF
_EBTRB_ON_7H                      000000BF
_FCMEN_OFF_1H                     000000BF
_FCMEN_ON_1H                      000000FF
_FOSC_ECIO_EC_1H                  000000F4
_FOSC_ECPLLIO_EC_1H               000000F6
_FOSC_ECPLL_EC_1H                 000000F7
_FOSC_EC_EC_1H                    000000F5
_FOSC_HSPLL_HS_1H                 000000FE
_FOSC_HS_1H                       000000FC
_FOSC_INTOSCIO_EC_1H              000000F8
_FOSC_INTOSC_EC_1H                000000F9
_FOSC_INTOSC_HS_1H                000000FB
_FOSC_INTOSC_XT_1H                000000FA
_FOSC_XTPLL_XT_1H                 000000F2
_FOSC_XT_XT_1H                    000000F0
_ICPRT_OFF_4L                     000000DF
_ICPRT_ON_4L                      000000FF
_IDLOC0                           00200000
_IDLOC1                           00200001
_IDLOC2                           00200002
MPASM  5.51                          ASS9.ASM   11-27-2020  20:28:53         PAGE 27


SYMBOL TABLE
  LABEL                             VALUE 

_IDLOC3                           00200003
_IDLOC4                           00200004
_IDLOC5                           00200005
_IDLOC6                           00200006
_IDLOC7                           00200007
_IESO_OFF_1H                      0000007F
_IESO_ON_1H                       000000FF
_LPT1OSC_OFF_3H                   000000FB
_LPT1OSC_ON_3H                    000000FF
_LVP_OFF_4L                       000000FB
_LVP_ON_4L                        000000FF
_MCLRE_OFF_3H                     0000007F
_MCLRE_ON_3H                      000000FF
_PBADEN_OFF_3H                    000000FD
_PBADEN_ON_3H                     000000FF
_PLLDIV_10_1L                     000000FE
_PLLDIV_12_1L                     000000FF
_PLLDIV_1_1L                      000000F8
_PLLDIV_2_1L                      000000F9
_PLLDIV_3_1L                      000000FA
_PLLDIV_4_1L                      000000FB
_PLLDIV_5_1L                      000000FC
_PLLDIV_6_1L                      000000FD
_PWRT_OFF_2L                      000000FF
_PWRT_ON_2L                       000000FE
_STVREN_OFF_4L                    000000FE
_STVREN_ON_4L                     000000FF
_USBDIV_1_1L                      000000DF
_USBDIV_2_1L                      000000FF
_VREGEN_OFF_2L                    000000DF
_VREGEN_ON_2L                     000000FF
_WDTPS_1024_2H                    000000F5
_WDTPS_128_2H                     000000EF
_WDTPS_16384_2H                   000000FD
_WDTPS_16_2H                      000000E9
_WDTPS_1_2H                       000000E1
_WDTPS_2048_2H                    000000F7
_WDTPS_256_2H                     000000F1
_WDTPS_2_2H                       000000E3
_WDTPS_32768_2H                   000000FF
_WDTPS_32_2H                      000000EB
_WDTPS_4096_2H                    000000F9
_WDTPS_4_2H                       000000E5
_WDTPS_512_2H                     000000F3
_WDTPS_64_2H                      000000ED
_WDTPS_8192_2H                    000000FB
_WDTPS_8_2H                       000000E7
_WDT_OFF_2H                       000000FE
_WDT_ON_2H                        000000FF
_WRT0_OFF_6L                      000000FF
_WRT0_ON_6L                       000000FE
_WRT1_OFF_6L                      000000FF
_WRT1_ON_6L                       000000FD
MPASM  5.51                          ASS9.ASM   11-27-2020  20:28:53         PAGE 28


SYMBOL TABLE
  LABEL                             VALUE 

_WRT2_OFF_6L                      000000FF
_WRT2_ON_6L                       000000FB
_WRT3_OFF_6L                      000000FF
_WRT3_ON_6L                       000000F7
_WRTB_OFF_6H                      000000FF
_WRTB_ON_6H                       000000BF
_WRTC_OFF_6H                      000000FF
_WRTC_ON_6H                       000000DF
_WRTD_OFF_6H                      000000FF
_WRTD_ON_6H                       0000007F
_XINST_OFF_4L                     000000BF
_XINST_ON_4L                      000000FF
__18F4550                         00000001
__DEBUG                           1
again                             00000020
again1                            0000001C
check                             00000300
check1                            00000306
checkK1                           0000030C
checkK10                          00000366
checkK11                          00000370
checkK12                          0000037A
checkK2                           00000316
checkK3                           00000320
checkK4                           0000032A
checkK5                           00000334
checkK6                           0000033E
checkK7                           00000348
checkK8                           00000352
checkK9                           0000035C
dup_nop                           
i                                 00000011
keypadA                           000002C6
keypadB                           000002CC
keypadC                           000002D2
keypadD                           000002D8
loop_cnt                          00000000
loop_cnt1                         00000001
start                             000002DE


MEMORY USAGE MAP ('X' = Used,  '-' = Unused)

0000 : XXXX----XX------ --------XXXXXXXX XXXXXXXXXXXXXXXX XXXXXXXXXXXXXXXX
0040 : XXXXXXXXXXXXXXXX XXXXXXXXXXXXXXXX XXXXXXXXXXXXXXXX XXXXXXXXXXXXXXXX
0080 : XXXXXXXXXXXXXXXX XXXXXXXXXXXXXXXX XXXXXXXXXXXXXXXX XXXXXXXXXXXXXXXX
MPASM  5.51                          ASS9.ASM   11-27-2020  20:28:53         PAGE 29


MEMORY USAGE MAP ('X' = Used,  '-' = Unused)


00C0 : XXXXXXXXXXXXXXXX XXXXXXXXXXXXXXXX XXXXXXXXXXXXXXXX XXXXXXXXXXXXXXXX
0100 : XXXXXXXXXXXXXXXX XXXXXXXXXXXXXXXX XXXXXXXXXXXXXXXX XXXXXXXXXXXXXXXX
0140 : XXXXXXXXXXXXXXXX XXXXXXXXXXXXXXXX XXXXXXXXXXXXXXXX XXXXXXXXXXXXXXXX
0180 : XXXXXXXXXXXXXXXX XXXXXXXXXXXXXXXX XXXXXXXXXXXXXXXX XXXXXXXXXXXXXXXX
01C0 : XXXXXXXXXXXXXXXX XXXXXXXXXXXXXXXX XXXXXXXXXXXXXXXX XXXXXXXXXXXXXXXX
0200 : XXXXXXXXXXXXXXXX XXXXXXXXXXXXXXXX XXXXXXXXXXXXXXXX XXXXXXXXXXXXXXXX
0240 : XXXXXXXXXXXXXXXX XXXXXXXXXXXXXXXX XXXXXXXXXXXXXXXX XXXXXXXXXXXXXXXX
0280 : XXXXXXXXXXXXXXXX XXXXXXXXXXXXXXXX XXXXXXXXXXXXXXXX XXXXXXXXXXXXXXXX
02C0 : XXXXXXXXXXXXXXXX XXXXXXXXXXXXXXXX XXXXXXXXXXXXXXXX XXXXXXXXXXXXXXXX
0300 : XXXXXXXXXXXXXXXX XXXXXXXXXXXXXXXX XXXXXXXXXXXXXXXX XXXXXXXXXXXXXXXX
0340 : XXXXXXXXXXXXXXXX XXXXXXXXXXXXXXXX XXXXXXXXXXXXXXXX XXXXXXXXXXXXXXXX
0380 : XXXX------------ ---------------- ---------------- ----------------

All other memory blocks unused.

Program Memory Bytes Used:   882
Program Memory Bytes Free: 31886


Errors   :     0
Warnings :     0 reported,     0 suppressed
Messages :     0 reported,     0 suppressed

